<html>
<body>
<pre>
<h1>µVision Build Log</h1>
<h2>Tool Versions:</h2>
IDE-Version: µVision V5.35.0.0
Copyright (C) 2021 ARM Ltd and ARM Germany GmbH. All rights reserved.
License Information: d d, d, LIC=----
 
Tool Versions:
Toolchain:       MDK-ARM Professional  Version: 5.35.0.2
Toolchain Path:  C:\Keil_v5\ARM\ARMCC\Bin
C Compiler:      Armcc.exe V5.06 update 7 (build 960)
Assembler:       Armasm.exe V5.06 update 7 (build 960)
Linker/Locator:  ArmLink.exe V5.06 update 7 (build 960)
Library Manager: ArmAr.exe V5.06 update 7 (build 960)
Hex Converter:   FromElf.exe V5.06 update 7 (build 960)
CPU DLL:         SARMCM3.DLL V5.35.0.2
Dialog DLL:      DCM.DLL V1.17.3.0
Target DLL:      CMSIS_AGDI.dll V1.33.0.0
Dialog DLL:      TCM.DLL V1.53.0.0
 
<h2>Project:</h2>
E:\molu\ink_supply_system_gd32f427\docs\928\ink_supply_template_simple\USER\InkSupplySystem.uvprojx
Project File Date:  10/01/2025

<h2>Output:</h2>
*** Using Compiler 'V5.06 update 7 (build 960)', folder: 'C:\Keil_v5\ARM\ARMCC\Bin'
Build target 'IIC'
Note: source file '..\lib\lwip\src\core\sys.c' - object file renamed from '..\OBJ\sys.o' to '..\OBJ\sys_1.o'.
compiling ethernet.c...
..\config\FreeRTOSConfig.h(223): warning:  #1-D: last line of file ends without a newline
  #endif /* FREERTOS_CONFIG_H */
..\config\lwipopts.h(323): warning:  #1-D: last line of file ends without a newline
  #endif /* __LWIPOPTS_H__ */
..\lib\lwip\contrib\ports\freertos\include\arch/cc.h(165): warning:  #1-D: last line of file ends without a newline
  #endif /* LWIP_ARCH_CC_H */
..\lib\lwip\src\netif\ethernet.c: 3 warnings, 0 errors
linking...
Program Size: Code=25610 RO-data=19086 RW-data=420 ZI-data=6740  
FromELF: creating hex file...
"..\OBJ\Template.axf" - 0 Error(s), 3 Warning(s).

<h2>Software Packages used:</h2>

Package Vendor: GigaDevice
                https://gd32mcu.com/data/documents/pack/GigaDevice.GD32F4xx_DFP.3.2.0.pack
                GigaDevice.GD32F4xx_DFP.3.2.0
                GigaDevice GD32F4xx Series Device Support and Examples

<h2>Collection of Component include folders:</h2>
  C:\Users\David\AppData\Local\Arm\Packs\GigaDevice\GD32F4xx_DFP\3.2.0\Device\F4XX\Include

<h2>Collection of Component Files used:</h2>
Build Time Elapsed:  00:00:00
</pre>
</body>
</html>
