<html>
<body>
<pre>
<h1>µVision Build Log</h1>
<h2>Tool Versions:</h2>
IDE-Version: ¦ÌVision V5.35.0.0
Copyright (C) 2021 ARM Ltd and ARM Germany GmbH. All rights reserved.
License Information: d d, d, LIC=BL28G-VSCX6-KUQ4L-0J8DR-FM835-A89TS
 
Tool Versions:
Toolchain:       MDK-ARM Professional  Version: 5.35.0.2
Toolchain Path:  C:\Keil_v5\ARM\ARMCC\Bin
C Compiler:      Armcc.exe V5.06 update 7 (build 960)
Assembler:       Armasm.exe V5.06 update 7 (build 960)
Linker/Locator:  ArmLink.exe V5.06 update 7 (build 960)
Library Manager: ArmAr.exe V5.06 update 7 (build 960)
Hex Converter:   FromElf.exe V5.06 update 7 (build 960)
CPU DLL:         SARMCM3.DLL V5.35.0.2
Dialog DLL:      DCM.DLL V1.17.3.0
Target DLL:      UL2CM3.DLL V1.164.0.0
Dialog DLL:      TCM.DLL V1.53.0.0
 
<h2>Project:</h2>
C:\Users\win11\Desktop\cla\ink_supply_system_gd32f427\docs\928\ink_supply_template_simple\USER\InkSupplySystem.uvprojx
Project File Date:  09/29/2025

<h2>Output:</h2>
*** Using Compiler 'V5.06 update 7 (build 960)', folder: 'C:\Keil_v5\ARM\ARMCC\Bin'
Build target 'IIC'
Note: source file '..\Drivers\LED\led.c' - object file renamed from '..\OBJ\led.o' to '..\OBJ\led_1.o'.
Note: source file '..\Drivers\LCD\lcd.c' - object file renamed from '..\OBJ\lcd.o' to '..\OBJ\lcd_1.o'.
Note: source file '..\Drivers\KEY\key.c' - object file renamed from '..\OBJ\key.o' to '..\OBJ\key_1.o'.
Note: source file '..\Drivers\IIC\myiic.c' - object file renamed from '..\OBJ\myiic.o' to '..\OBJ\myiic_1.o'.
Note: source file '..\Drivers\24CXX\24cxx.c' - object file renamed from '..\OBJ\24cxx.o' to '..\OBJ\24cxx_1.o'.
Note: source file '..\lib\CMSIS\startup_gd32f407xx.s' - object file renamed from '..\OBJ\startup_gd32f407xx.o' to '..\OBJ\startup_gd32f407xx_1.o'.
compiling stm32f4xx_hal_msp.c...
compiling system_gd32f4xx.c...
compiling usmart.c...
compiling gd32f4xx_it.c...
compiling usmart_config.c...
compiling usmart_str.c...
compiling main.c...
main.c(130): warning:  #1-D: last line of file ends without a newline
  }
main.c: 1 warning, 0 errors
compiling sys.c...
compiling myiic.c...
compiling 24cxx.c...
compiling key.c...
compiling delay.c...
compiling led.c...
compiling lcd.c...
compiling stm32f4xx_hal_dac_ex.c...
compiling usart.c...
compiling stm32f4xx_hal_pwr.c...
compiling stm32f4xx_hal_gpio.c...
compiling stm32f4xx_hal_cortex.c...
compiling stm32f4xx_hal_pwr_ex.c...
compiling stm32f4xx_hal.c...
compiling stm32f4xx_hal_usart.c...
compiling stm32f4xx_hal_dma_ex.c...
compiling stm32f4xx_hal_uart.c...
compiling stm32f4xx_hal_dma.c...
compiling stm32f4xx_hal_rcc_ex.c...
compiling stm32f4xx_hal_tim.c...
compiling stm32f4xx_hal_rcc.c...
compiling stm32f4xx_hal_tim_ex.c...
compiling stm32f4xx_hal_sram.c...
compiling stm32f4xx_ll_fsmc.c...
compiling stm32f4xx_hal_adc.c...
compiling stm32f4xx_hal_dac.c...
compiling stm32f4xx_hal_adc_ex.c...
compiling stm32f4xx_hal_spi.c...
linking...
Program Size: Code=23242 RO-data=19058 RW-data=348 ZI-data=2052  
FromELF: creating hex file...
"..\OBJ\Template.axf" - 0 Error(s), 1 Warning(s).

<h2>Software Packages used:</h2>

Package Vendor: GigaDevice
                https://gd32mcu.com/data/documents/pack/GigaDevice.GD32F4xx_DFP.3.2.0.pack
                GigaDevice.GD32F4xx_DFP.3.2.0
                GigaDevice GD32F4xx Series Device Support and Examples

<h2>Collection of Component include folders:</h2>
  C:\Users\win11\AppData\Local\Arm\Packs\GigaDevice\GD32F4xx_DFP\3.2.0\Device\F4XX\Include

<h2>Collection of Component Files used:</h2>
Build Time Elapsed:  00:00:29
</pre>
</body>
</html>
